Archive member included because of file (symbol)

c:/embestucm/sourcery-g++-lite-arm-2011.03/bin/../lib/gcc/arm-none-eabi/4.5.2\libgcc.a(_divsi3.o)
                              ./commonEclipse/44blib.o (__aeabi_idiv)
c:/embestucm/sourcery-g++-lite-arm-2011.03/bin/../lib/gcc/arm-none-eabi/4.5.2\libgcc.a(_dvmd_tls.o)
                              c:/embestucm/sourcery-g++-lite-arm-2011.03/bin/../lib/gcc/arm-none-eabi/4.5.2\libgcc.a(_divsi3.o) (__aeabi_idiv0)

Allocating common symbols
Common symbol       size              file

led_state           0x4               ./led.o
fileSize            0x4               ./commonEclipse/44blib.o
downPt              0x4               ./commonEclipse/44blib.o

Memory Configuration

Name             Origin             Length             Attributes
*default*        0x00000000         0xffffffff

Linker script and memory map

LOAD ./commonEclipse/44binit.o
LOAD ./commonEclipse/44blib.o
LOAD ./8led.o
LOAD ./button.o
LOAD ./init.o
LOAD ./led.o
LOAD ./main.o
START GROUP
LOAD c:/embestucm/sourcery-g++-lite-arm-2011.03/bin/../lib/gcc/arm-none-eabi/4.5.2\libgcc.a
LOAD c:/embestucm/sourcery-g++-lite-arm-2011.03/bin/../lib/gcc/arm-none-eabi/4.5.2/../../../../arm-none-eabi/lib\libc.a
END GROUP
                0x0c000000                . = 0xc000000
                0x0c000000                Image_RO_Base = .

.text           0x0c000000     0x1184
 *(.text)
 .text          0x0c000000      0x70c ./commonEclipse/44binit.o
 .text          0x0c00070c      0x444 ./commonEclipse/44blib.o
                0x0c00070c                Delay
                0x0c000840                DelayMs
                0x0c0008a0                Port_Init
                0x0c000a2c                malloc
                0x0c000ac8                free
                0x0c000af4                sys_init
 .text          0x0c000b50       0x58 ./8led.o
                0x0c000b50                D8Led_init
                0x0c000b70                D8Led_symbol
 .text          0x0c000ba8      0x244 ./button.o
                0x0c000ba8                button_init
                0x0c000bd4                pressButton1_check
                0x0c000c18                pressButton2_check
                0x0c000c5c                pressAnyButton_check
                0x0c000ca0                Eint4567_init
                0x0c000d9c                Eint4567_ISR
 .text          0x0c000dec       0x1c ./init.o
                0x0c000dec                start
 .text          0x0c000e08      0x210 ./led.o
                0x0c000e08                leds_on
                0x0c000e24                leds_off
                0x0c000e40                led1_on
                0x0c000e7c                led1_off
                0x0c000eb8                led2_on
                0x0c000ef4                led2_off
                0x0c000f30                leds_switch
                0x0c000f6c                Led_Display
 .text          0x0c001018       0x20 ./main.o
                0x0c001018                Main
 .text          0x0c001038      0x148 c:/embestucm/sourcery-g++-lite-arm-2011.03/bin/../lib/gcc/arm-none-eabi/4.5.2\libgcc.a(_divsi3.o)
                0x0c001038                __divsi3
                0x0c001038                __aeabi_idiv
                0x0c001160                __aeabi_idivmod
 .text          0x0c001180        0x4 c:/embestucm/sourcery-g++-lite-arm-2011.03/bin/../lib/gcc/arm-none-eabi/4.5.2\libgcc.a(_dvmd_tls.o)
                0x0c001180                __aeabi_idiv0
                0x0c001180                __aeabi_ldiv0
                0x0c001184                Image_RO_Limit = .
                0x0c001184                Image_RW_Base = .

.glue_7         0x0c001184        0x0
 .glue_7        0x00000000        0x0 linker stubs

.glue_7t        0x0c001184        0x0
 .glue_7t       0x00000000        0x0 linker stubs

.vfp11_veneer   0x0c001184        0x0
 .vfp11_veneer  0x00000000        0x0 linker stubs

.v4_bx          0x0c001184        0x0
 .v4_bx         0x00000000        0x0 linker stubs

.data           0x0c001184       0x54
 *(.data)
 .data          0x0c001184        0x6 ./commonEclipse/44binit.o
                0x0c001184                BDRAMTYPE
 *fill*         0x0c00118a        0x2 00
 .data          0x0c00118c        0xc ./commonEclipse/44blib.o
                0x0c00118c                mallocPt
                0x0c001190                run
 .data          0x0c001198       0x40 ./8led.o
                0x0c001198                Symbol
 .data          0x0c0011d8        0x0 ./button.o
 .data          0x0c0011d8        0x0 ./init.o
 .data          0x0c0011d8        0x0 ./led.o
 .data          0x0c0011d8        0x0 ./main.o
 .data          0x0c0011d8        0x0 c:/embestucm/sourcery-g++-lite-arm-2011.03/bin/../lib/gcc/arm-none-eabi/4.5.2\libgcc.a(_divsi3.o)
 .data          0x0c0011d8        0x0 c:/embestucm/sourcery-g++-lite-arm-2011.03/bin/../lib/gcc/arm-none-eabi/4.5.2\libgcc.a(_dvmd_tls.o)

.rodata
 *(.rodata)
                0x0c0011d8                Image_RW_Limit = .
                0x0c0011d8                Image_ZI_Base = .

.bss            0x0c0011d8       0x14
 *(.bss)
 .bss           0x0c0011d8        0x0 ./commonEclipse/44binit.o
 .bss           0x0c0011d8        0x4 ./commonEclipse/44blib.o
                0x0c0011d8                restart
 .bss           0x0c0011dc        0x0 ./8led.o
 .bss           0x0c0011dc        0x4 ./button.o
                0x0c0011dc                symbol
 .bss           0x0c0011e0        0x0 ./init.o
 .bss           0x0c0011e0        0x0 ./led.o
 .bss           0x0c0011e0        0x0 ./main.o
 .bss           0x0c0011e0        0x0 c:/embestucm/sourcery-g++-lite-arm-2011.03/bin/../lib/gcc/arm-none-eabi/4.5.2\libgcc.a(_divsi3.o)
 .bss           0x0c0011e0        0x0 c:/embestucm/sourcery-g++-lite-arm-2011.03/bin/../lib/gcc/arm-none-eabi/4.5.2\libgcc.a(_dvmd_tls.o)
 COMMON         0x0c0011e0        0x8 ./commonEclipse/44blib.o
                0x0c0011e0                fileSize
                0x0c0011e4                downPt
 COMMON         0x0c0011e8        0x4 ./led.o
                0x0c0011e8                led_state
                0x0c0011ec                Image_ZI_Limit = .
                0x0c0011ec                __bss_start__ = .
                0x0c0011ec                __bss_end__ = .
                0x0c0011ec                __EH_FRAME_BEGIN__ = .
                0x0c0011ec                __EH_FRAME_END__ = .
                0x0c0011ec                PROVIDE (__stack, .)
                0x0c0011ec                end = .
                0x0c0011ec                _end = .

.ARM.attributes
                0x00000000       0x2e
 .ARM.attributes
                0x00000000       0x22 ./commonEclipse/44binit.o
 .ARM.attributes
                0x00000022       0x32 ./commonEclipse/44blib.o
 .ARM.attributes
                0x00000054       0x32 ./8led.o
 .ARM.attributes
                0x00000086       0x32 ./button.o
 .ARM.attributes
                0x000000b8       0x22 ./init.o
 .ARM.attributes
                0x000000da       0x32 ./led.o
 .ARM.attributes
                0x0000010c       0x32 ./main.o
 .ARM.attributes
                0x0000013e       0x1a c:/embestucm/sourcery-g++-lite-arm-2011.03/bin/../lib/gcc/arm-none-eabi/4.5.2\libgcc.a(_divsi3.o)
 .ARM.attributes
                0x00000158       0x18 c:/embestucm/sourcery-g++-lite-arm-2011.03/bin/../lib/gcc/arm-none-eabi/4.5.2\libgcc.a(_dvmd_tls.o)

.comment        0x00000000       0x2a
 .comment       0x00000000       0x2a ./commonEclipse/44blib.o
                                 0x2b (size before relaxing)
 .comment       0x00000000       0x2b ./8led.o
 .comment       0x00000000       0x2b ./button.o
 .comment       0x00000000       0x2b ./led.o
 .comment       0x00000000       0x2b ./main.o

.debug_info     0x00000000      0x684
 *(.debug_info)
 .debug_info    0x00000000       0x7e ./commonEclipse/44binit.o
 .debug_info    0x0000007e      0x229 ./commonEclipse/44blib.o
 .debug_info    0x000002a7       0xa4 ./8led.o
 .debug_info    0x0000034b      0x13c ./button.o
 .debug_info    0x00000487       0x6d ./init.o
 .debug_info    0x000004f4      0x104 ./led.o
 .debug_info    0x000005f8       0x8c ./main.o

.debug_line     0x00000000      0xcb9
 *(.debug_line)
 .debug_line    0x00000000      0x116 ./commonEclipse/44binit.o
 .debug_line    0x00000116      0x371 ./commonEclipse/44blib.o
 .debug_line    0x00000487       0x9f ./8led.o
 .debug_line    0x00000526      0x374 ./button.o
 .debug_line    0x0000089a       0x3d ./init.o
 .debug_line    0x000008d7       0xbb ./led.o
 .debug_line    0x00000992      0x327 ./main.o

.debug_abbrev   0x00000000      0x33f
 *(.debug_abbrev)
 .debug_abbrev  0x00000000       0x14 ./commonEclipse/44binit.o
 .debug_abbrev  0x00000014      0x11f ./commonEclipse/44blib.o
 .debug_abbrev  0x00000133       0x9b ./8led.o
 .debug_abbrev  0x000001ce       0xa0 ./button.o
 .debug_abbrev  0x0000026e       0x14 ./init.o
 .debug_abbrev  0x00000282       0x7c ./led.o
 .debug_abbrev  0x000002fe       0x41 ./main.o

.debug_frame    0x00000000      0x334
 *(.debug_frame)
 .debug_frame   0x00000000       0xc0 ./commonEclipse/44blib.o
 .debug_frame   0x000000c0       0x48 ./8led.o
 .debug_frame   0x00000108       0xd0 ./button.o
 .debug_frame   0x000001d8      0x10c ./led.o
 .debug_frame   0x000002e4       0x30 ./main.o
 .debug_frame   0x00000314       0x20 c:/embestucm/sourcery-g++-lite-arm-2011.03/bin/../lib/gcc/arm-none-eabi/4.5.2\libgcc.a(_divsi3.o)
OUTPUT(practica1.elf elf32-littlearm)

.debug_aranges  0x00000000       0xe0
 .debug_aranges
                0x00000000       0x20 ./commonEclipse/44binit.o
 .debug_aranges
                0x00000020       0x20 ./commonEclipse/44blib.o
 .debug_aranges
                0x00000040       0x20 ./8led.o
 .debug_aranges
                0x00000060       0x20 ./button.o
 .debug_aranges
                0x00000080       0x20 ./init.o
 .debug_aranges
                0x000000a0       0x20 ./led.o
 .debug_aranges
                0x000000c0       0x20 ./main.o

.debug_macinfo  0x00000000    0x21e45
 .debug_macinfo
                0x00000000     0x82fb ./commonEclipse/44blib.o
 .debug_macinfo
                0x000082fb     0x512b ./8led.o
 .debug_macinfo
                0x0000d426     0x7e52 ./button.o
 .debug_macinfo
                0x00015278     0x50a3 ./led.o
 .debug_macinfo
                0x0001a31b     0x7b2a ./main.o

.debug_loc      0x00000000      0x3f4
 .debug_loc     0x00000000      0x108 ./commonEclipse/44blib.o
 .debug_loc     0x00000108       0x58 ./8led.o
 .debug_loc     0x00000160      0x108 ./button.o
 .debug_loc     0x00000268      0x160 ./led.o
 .debug_loc     0x000003c8       0x2c ./main.o

.debug_pubnames
                0x00000000      0x20a
 .debug_pubnames
                0x00000000       0x90 ./commonEclipse/44blib.o
 .debug_pubnames
                0x00000090       0x3d ./8led.o
 .debug_pubnames
                0x000000cd       0x97 ./button.o
 .debug_pubnames
                0x00000164       0x8b ./led.o
 .debug_pubnames
                0x000001ef       0x1b ./main.o

.debug_pubtypes
                0x00000000       0x36
 .debug_pubtypes
                0x00000000       0x12 ./commonEclipse/44blib.o
 .debug_pubtypes
                0x00000012       0x12 ./button.o
 .debug_pubtypes
                0x00000024       0x12 ./main.o

.debug_str      0x00000000      0x252
 .debug_str     0x00000000      0x138 ./commonEclipse/44blib.o
                                0x176 (size before relaxing)
 .debug_str     0x00000138       0x2f ./8led.o
                                 0x80 (size before relaxing)
 .debug_str     0x00000167       0x74 ./button.o
                                0x148 (size before relaxing)
 .debug_str     0x000001db       0x68 ./led.o
                                 0xac (size before relaxing)
 .debug_str     0x00000243        0xf ./main.o
                                 0xdc (size before relaxing)
