Archive member included because of file (symbol)

c:/embestucm/sourcery-g++-lite-arm-2011.03/bin/../lib/gcc/arm-none-eabi/4.5.2\libgcc.a(_divsi3.o)
                              ./commonEclipse/44blib.o (__aeabi_idiv)
c:/embestucm/sourcery-g++-lite-arm-2011.03/bin/../lib/gcc/arm-none-eabi/4.5.2\libgcc.a(_dvmd_tls.o)
                              c:/embestucm/sourcery-g++-lite-arm-2011.03/bin/../lib/gcc/arm-none-eabi/4.5.2\libgcc.a(_divsi3.o) (__aeabi_idiv0)

Allocating common symbols
Common symbol       size              file

digit               0x4               ./keyboard.o
displayNumber       0x4               ./keyboard.o
op2                 0x4               ./keyboard.o
led_state           0x4               ./led.o
fileSize            0x4               ./commonEclipse/44blib.o
operation           0x4               ./keyboard.o
op1                 0x4               ./keyboard.o
key                 0x4               ./keyboard.o
result              0x4               ./keyboard.o
downPt              0x4               ./commonEclipse/44blib.o

Memory Configuration

Name             Origin             Length             Attributes
*default*        0x00000000         0xffffffff

Linker script and memory map

LOAD ./commonEclipse/44binit.o
LOAD ./commonEclipse/44blib.o
LOAD ./8led.o
LOAD ./init.o
LOAD ./keyboard.o
LOAD ./led.o
LOAD ./main.o
LOAD ./timer.o
START GROUP
LOAD c:/embestucm/sourcery-g++-lite-arm-2011.03/bin/../lib/gcc/arm-none-eabi/4.5.2\libgcc.a
LOAD c:/embestucm/sourcery-g++-lite-arm-2011.03/bin/../lib/gcc/arm-none-eabi/4.5.2/../../../../arm-none-eabi/lib\libc.a
END GROUP
                0x0c000000                . = 0xc000000
                0x0c000000                Image_RO_Base = .

.text           0x0c000000     0x16cc
 *(.text)
 .text          0x0c000000      0x70c ./commonEclipse/44binit.o
 .text          0x0c00070c      0x444 ./commonEclipse/44blib.o
                0x0c00070c                Delay
                0x0c000840                DelayMs
                0x0c0008a0                Port_Init
                0x0c000a2c                malloc
                0x0c000ac8                free
                0x0c000af4                sys_init
 .text          0x0c000b50       0x58 ./8led.o
                0x0c000b50                D8Led_init
                0x0c000b70                D8Led_symbol
 .text          0x0c000ba8       0x1c ./init.o
                0x0c000ba8                start
 .text          0x0c000bc4      0x66c ./keyboard.o
                0x0c000bc4                keyboard_init
                0x0c000ca8                KeyboardInt
                0x0c000f2c                key_read
                0x0c001168                next_digit
 .text          0x0c001230      0x210 ./led.o
                0x0c001230                leds_on
                0x0c00124c                leds_off
                0x0c001268                led1_on
                0x0c0012a4                led1_off
                0x0c0012e0                led2_on
                0x0c00131c                led2_off
                0x0c001358                leds_switch
                0x0c001394                Led_Display
 .text          0x0c001440       0x20 ./main.o
                0x0c001440                Main
 .text          0x0c001460      0x120 ./timer.o
                0x0c001460                timer_init
                0x0c001558                timer_ISR
 .text          0x0c001580      0x148 c:/embestucm/sourcery-g++-lite-arm-2011.03/bin/../lib/gcc/arm-none-eabi/4.5.2\libgcc.a(_divsi3.o)
                0x0c001580                __divsi3
                0x0c001580                __aeabi_idiv
                0x0c0016a8                __aeabi_idivmod
 .text          0x0c0016c8        0x4 c:/embestucm/sourcery-g++-lite-arm-2011.03/bin/../lib/gcc/arm-none-eabi/4.5.2\libgcc.a(_dvmd_tls.o)
                0x0c0016c8                __aeabi_idiv0
                0x0c0016c8                __aeabi_ldiv0
                0x0c0016cc                Image_RO_Limit = .
                0x0c0016cc                Image_RW_Base = .

.glue_7         0x0c0016cc        0x0
 .glue_7        0x00000000        0x0 linker stubs

.glue_7t        0x0c0016cc        0x0
 .glue_7t       0x00000000        0x0 linker stubs

.vfp11_veneer   0x0c0016cc        0x0
 .vfp11_veneer  0x00000000        0x0 linker stubs

.v4_bx          0x0c0016cc        0x0
 .v4_bx         0x00000000        0x0 linker stubs

.data           0x0c0016cc       0x9c
 *(.data)
 .data          0x0c0016cc        0x6 ./commonEclipse/44binit.o
                0x0c0016cc                BDRAMTYPE
 *fill*         0x0c0016d2        0x2 00
 .data          0x0c0016d4        0xc ./commonEclipse/44blib.o
                0x0c0016d4                mallocPt
                0x0c0016d8                run
 .data          0x0c0016e0       0x40 ./8led.o
                0x0c0016e0                Symbol
 .data          0x0c001720        0x0 ./init.o
 .data          0x0c001720       0x48 ./keyboard.o
                0x0c001720                keyboard_base
                0x0c001724                numberMapping
                0x0c001764                state
 .data          0x0c001768        0x0 ./led.o
 .data          0x0c001768        0x0 ./main.o
 .data          0x0c001768        0x0 ./timer.o
 .data          0x0c001768        0x0 c:/embestucm/sourcery-g++-lite-arm-2011.03/bin/../lib/gcc/arm-none-eabi/4.5.2\libgcc.a(_divsi3.o)
 .data          0x0c001768        0x0 c:/embestucm/sourcery-g++-lite-arm-2011.03/bin/../lib/gcc/arm-none-eabi/4.5.2\libgcc.a(_dvmd_tls.o)

.rodata
 *(.rodata)
                0x0c001768                Image_RW_Limit = .
                0x0c001768                Image_ZI_Base = .

.bss            0x0c001768       0x2c
 *(.bss)
 .bss           0x0c001768        0x0 ./commonEclipse/44binit.o
 .bss           0x0c001768        0x4 ./commonEclipse/44blib.o
                0x0c001768                restart
 .bss           0x0c00176c        0x0 ./8led.o
 .bss           0x0c00176c        0x0 ./init.o
 .bss           0x0c00176c        0x0 ./keyboard.o
 .bss           0x0c00176c        0x0 ./led.o
 .bss           0x0c00176c        0x0 ./main.o
 .bss           0x0c00176c        0x0 ./timer.o
 .bss           0x0c00176c        0x0 c:/embestucm/sourcery-g++-lite-arm-2011.03/bin/../lib/gcc/arm-none-eabi/4.5.2\libgcc.a(_divsi3.o)
 .bss           0x0c00176c        0x0 c:/embestucm/sourcery-g++-lite-arm-2011.03/bin/../lib/gcc/arm-none-eabi/4.5.2\libgcc.a(_dvmd_tls.o)
 COMMON         0x0c00176c        0x8 ./commonEclipse/44blib.o
                0x0c00176c                fileSize
                0x0c001770                downPt
 COMMON         0x0c001774       0x1c ./keyboard.o
                0x0c001774                digit
                0x0c001778                displayNumber
                0x0c00177c                op2
                0x0c001780                operation
                0x0c001784                op1
                0x0c001788                key
                0x0c00178c                result
 COMMON         0x0c001790        0x4 ./led.o
                0x0c001790                led_state
                0x0c001794                Image_ZI_Limit = .
                0x0c001794                __bss_start__ = .
                0x0c001794                __bss_end__ = .
                0x0c001794                __EH_FRAME_BEGIN__ = .
                0x0c001794                __EH_FRAME_END__ = .
                0x0c001794                PROVIDE (__stack, .)
                0x0c001794                end = .
                0x0c001794                _end = .

.ARM.attributes
                0x00000000       0x2e
 .ARM.attributes
                0x00000000       0x22 ./commonEclipse/44binit.o
 .ARM.attributes
                0x00000022       0x32 ./commonEclipse/44blib.o
 .ARM.attributes
                0x00000054       0x32 ./8led.o
 .ARM.attributes
                0x00000086       0x22 ./init.o
 .ARM.attributes
                0x000000a8       0x32 ./keyboard.o
 .ARM.attributes
                0x000000da       0x32 ./led.o
 .ARM.attributes
                0x0000010c       0x32 ./main.o
 .ARM.attributes
                0x0000013e       0x32 ./timer.o
 .ARM.attributes
                0x00000170       0x1a c:/embestucm/sourcery-g++-lite-arm-2011.03/bin/../lib/gcc/arm-none-eabi/4.5.2\libgcc.a(_divsi3.o)
 .ARM.attributes
                0x0000018a       0x18 c:/embestucm/sourcery-g++-lite-arm-2011.03/bin/../lib/gcc/arm-none-eabi/4.5.2\libgcc.a(_dvmd_tls.o)

.comment        0x00000000       0x2a
 .comment       0x00000000       0x2a ./commonEclipse/44blib.o
                                 0x2b (size before relaxing)
 .comment       0x00000000       0x2b ./8led.o
 .comment       0x00000000       0x2b ./keyboard.o
 .comment       0x00000000       0x2b ./led.o
 .comment       0x00000000       0x2b ./main.o
 .comment       0x00000000       0x2b ./timer.o

.debug_info     0x00000000      0x7c5
 *(.debug_info)
 .debug_info    0x00000000       0x8c ./commonEclipse/44binit.o
 .debug_info    0x0000008c      0x229 ./commonEclipse/44blib.o
 .debug_info    0x000002b5       0xa4 ./8led.o
 .debug_info    0x00000359       0x7b ./init.o
 .debug_info    0x000003d4      0x20d ./keyboard.o
 .debug_info    0x000005e1      0x104 ./led.o
 .debug_info    0x000006e5       0x8c ./main.o
 .debug_info    0x00000771       0x54 ./timer.o

.debug_line     0x00000000      0xb34
 *(.debug_line)
 .debug_line    0x00000000      0x116 ./commonEclipse/44binit.o
 .debug_line    0x00000116      0x371 ./commonEclipse/44blib.o
 .debug_line    0x00000487       0xad ./8led.o
 .debug_line    0x00000534       0x3d ./init.o
 .debug_line    0x00000571      0x11e ./keyboard.o
 .debug_line    0x0000068f       0xc9 ./led.o
 .debug_line    0x00000758      0x326 ./main.o
 .debug_line    0x00000a7e       0xb6 ./timer.o

.debug_abbrev   0x00000000      0x3aa
 *(.debug_abbrev)
 .debug_abbrev  0x00000000       0x14 ./commonEclipse/44binit.o
 .debug_abbrev  0x00000014      0x11f ./commonEclipse/44blib.o
 .debug_abbrev  0x00000133       0x9b ./8led.o
 .debug_abbrev  0x000001ce       0x14 ./init.o
 .debug_abbrev  0x000001e2       0xe0 ./keyboard.o
 .debug_abbrev  0x000002c2       0x7c ./led.o
 .debug_abbrev  0x0000033e       0x41 ./main.o
 .debug_abbrev  0x0000037f       0x2b ./timer.o

.debug_frame    0x00000000      0x358
 *(.debug_frame)
 .debug_frame   0x00000000       0xc0 ./commonEclipse/44blib.o
 .debug_frame   0x000000c0       0x48 ./8led.o
 .debug_frame   0x00000108       0x98 ./keyboard.o
 .debug_frame   0x000001a0      0x10c ./led.o
 .debug_frame   0x000002ac       0x30 ./main.o
 .debug_frame   0x000002dc       0x5c ./timer.o
 .debug_frame   0x00000338       0x20 c:/embestucm/sourcery-g++-lite-arm-2011.03/bin/../lib/gcc/arm-none-eabi/4.5.2\libgcc.a(_divsi3.o)
OUTPUT(practica2_proyecto.elf elf32-littlearm)

.debug_aranges  0x00000000      0x100
 .debug_aranges
                0x00000000       0x20 ./commonEclipse/44binit.o
 .debug_aranges
                0x00000020       0x20 ./commonEclipse/44blib.o
 .debug_aranges
                0x00000040       0x20 ./8led.o
 .debug_aranges
                0x00000060       0x20 ./init.o
 .debug_aranges
                0x00000080       0x20 ./keyboard.o
 .debug_aranges
                0x000000a0       0x20 ./led.o
 .debug_aranges
                0x000000c0       0x20 ./main.o
 .debug_aranges
                0x000000e0       0x20 ./timer.o

.debug_macinfo  0x00000000    0x246ba
 .debug_macinfo
                0x00000000     0x82fb ./commonEclipse/44blib.o
 .debug_macinfo
                0x000082fb     0x5567 ./8led.o
 .debug_macinfo
                0x0000d862     0x523c ./keyboard.o
 .debug_macinfo
                0x00012a9e     0x50a3 ./led.o
 .debug_macinfo
                0x00017b41     0x7ad6 ./main.o
 .debug_macinfo
                0x0001f617     0x50a3 ./timer.o

.debug_loc      0x00000000      0x3f4
 .debug_loc     0x00000000      0x108 ./commonEclipse/44blib.o
 .debug_loc     0x00000108       0x58 ./8led.o
 .debug_loc     0x00000160       0xb0 ./keyboard.o
 .debug_loc     0x00000210      0x160 ./led.o
 .debug_loc     0x00000370       0x2c ./main.o
 .debug_loc     0x0000039c       0x58 ./timer.o

.debug_pubnames
                0x00000000      0x26d
 .debug_pubnames
                0x00000000       0x90 ./commonEclipse/44blib.o
 .debug_pubnames
                0x00000090       0x3d ./8led.o
 .debug_pubnames
                0x000000cd       0xcb ./keyboard.o
 .debug_pubnames
                0x00000198       0x8b ./led.o
 .debug_pubnames
                0x00000223       0x1b ./main.o
 .debug_pubnames
                0x0000023e       0x2f ./timer.o

.debug_pubtypes
                0x00000000       0x24
 .debug_pubtypes
                0x00000000       0x12 ./commonEclipse/44blib.o
 .debug_pubtypes
                0x00000012       0x12 ./main.o

.debug_str      0x00000000      0x2c9
 .debug_str     0x00000000      0x146 ./commonEclipse/44blib.o
                                0x184 (size before relaxing)
 .debug_str     0x00000146       0x2f ./8led.o
                                 0x8e (size before relaxing)
 .debug_str     0x00000175       0xbd ./keyboard.o
                                 0xfb (size before relaxing)
 .debug_str     0x00000232       0x68 ./led.o
                                 0xba (size before relaxing)
 .debug_str     0x0000029a        0xf ./main.o
                                 0xea (size before relaxing)
 .debug_str     0x000002a9       0x20 ./timer.o
                                 0x6d (size before relaxing)
