Archive member included because of file (symbol)

c:/embestucm/sourcery-g++-lite-arm-2011.03/bin/../lib/gcc/arm-none-eabi/4.5.2\libgcc.a(_divsi3.o)
                              ./commonEclipse/44blib.o (__aeabi_idiv)
c:/embestucm/sourcery-g++-lite-arm-2011.03/bin/../lib/gcc/arm-none-eabi/4.5.2\libgcc.a(_dvmd_tls.o)
                              c:/embestucm/sourcery-g++-lite-arm-2011.03/bin/../lib/gcc/arm-none-eabi/4.5.2\libgcc.a(_divsi3.o) (__aeabi_idiv0)

Allocating common symbols
Common symbol       size              file

led_state           0x4               ./led.o
fileSize            0x4               ./commonEclipse/44blib.o
key                 0x4               ./keyboard.o
downPt              0x4               ./commonEclipse/44blib.o

Memory Configuration

Name             Origin             Length             Attributes
*default*        0x00000000         0xffffffff

Linker script and memory map

LOAD ./commonEclipse/44binit.o
LOAD ./commonEclipse/44blib.o
LOAD ./8led.o
LOAD ./init.o
LOAD ./keyboard.o
LOAD ./led.o
LOAD ./main.o
LOAD ./timer.o
START GROUP
LOAD c:/embestucm/sourcery-g++-lite-arm-2011.03/bin/../lib/gcc/arm-none-eabi/4.5.2\libgcc.a
LOAD c:/embestucm/sourcery-g++-lite-arm-2011.03/bin/../lib/gcc/arm-none-eabi/4.5.2/../../../../arm-none-eabi/lib\libc.a
END GROUP
                0x0c000000                . = 0xc000000
                0x0c000000                Image_RO_Base = .

.text           0x0c000000     0x1418
 *(.text)
 .text          0x0c000000      0x70c ./commonEclipse/44binit.o
 .text          0x0c00070c      0x444 ./commonEclipse/44blib.o
                0x0c00070c                Delay
                0x0c000840                DelayMs
                0x0c0008a0                Port_Init
                0x0c000a2c                malloc
                0x0c000ac8                free
                0x0c000af4                sys_init
 .text          0x0c000b50       0x58 ./8led.o
                0x0c000b50                D8Led_init
                0x0c000b70                D8Led_symbol
 .text          0x0c000ba8       0x1c ./init.o
                0x0c000ba8                start
 .text          0x0c000bc4      0x3b8 ./keyboard.o
                0x0c000bc4                keyboard_init
                0x0c000ca8                KeyboardInt
                0x0c000d40                key_read
 .text          0x0c000f7c      0x210 ./led.o
                0x0c000f7c                leds_on
                0x0c000f98                leds_off
                0x0c000fb4                led1_on
                0x0c000ff0                led1_off
                0x0c00102c                led2_on
                0x0c001068                led2_off
                0x0c0010a4                leds_switch
                0x0c0010e0                Led_Display
 .text          0x0c00118c       0x20 ./main.o
                0x0c00118c                Main
 .text          0x0c0011ac      0x120 ./timer.o
                0x0c0011ac                timer_init
                0x0c0012a4                timer_ISR
 .text          0x0c0012cc      0x148 c:/embestucm/sourcery-g++-lite-arm-2011.03/bin/../lib/gcc/arm-none-eabi/4.5.2\libgcc.a(_divsi3.o)
                0x0c0012cc                __divsi3
                0x0c0012cc                __aeabi_idiv
                0x0c0013f4                __aeabi_idivmod
 .text          0x0c001414        0x4 c:/embestucm/sourcery-g++-lite-arm-2011.03/bin/../lib/gcc/arm-none-eabi/4.5.2\libgcc.a(_dvmd_tls.o)
                0x0c001414                __aeabi_idiv0
                0x0c001414                __aeabi_ldiv0
                0x0c001418                Image_RO_Limit = .
                0x0c001418                Image_RW_Base = .

.glue_7         0x0c001418        0x0
 .glue_7        0x00000000        0x0 linker stubs

.glue_7t        0x0c001418        0x0
 .glue_7t       0x00000000        0x0 linker stubs

.vfp11_veneer   0x0c001418        0x0
 .vfp11_veneer  0x00000000        0x0 linker stubs

.v4_bx          0x0c001418        0x0
 .v4_bx         0x00000000        0x0 linker stubs

.data           0x0c001418       0x58
 *(.data)
 .data          0x0c001418        0x6 ./commonEclipse/44binit.o
                0x0c001418                BDRAMTYPE
 *fill*         0x0c00141e        0x2 00
 .data          0x0c001420        0xc ./commonEclipse/44blib.o
                0x0c001420                mallocPt
                0x0c001424                run
 .data          0x0c00142c       0x40 ./8led.o
                0x0c00142c                Symbol
 .data          0x0c00146c        0x0 ./init.o
 .data          0x0c00146c        0x4 ./keyboard.o
                0x0c00146c                keyboard_base
 .data          0x0c001470        0x0 ./led.o
 .data          0x0c001470        0x0 ./main.o
 .data          0x0c001470        0x0 ./timer.o
 .data          0x0c001470        0x0 c:/embestucm/sourcery-g++-lite-arm-2011.03/bin/../lib/gcc/arm-none-eabi/4.5.2\libgcc.a(_divsi3.o)
 .data          0x0c001470        0x0 c:/embestucm/sourcery-g++-lite-arm-2011.03/bin/../lib/gcc/arm-none-eabi/4.5.2\libgcc.a(_dvmd_tls.o)

.rodata
 *(.rodata)
                0x0c001470                Image_RW_Limit = .
                0x0c001470                Image_ZI_Base = .

.bss            0x0c001470       0x14
 *(.bss)
 .bss           0x0c001470        0x0 ./commonEclipse/44binit.o
 .bss           0x0c001470        0x4 ./commonEclipse/44blib.o
                0x0c001470                restart
 .bss           0x0c001474        0x0 ./8led.o
 .bss           0x0c001474        0x0 ./init.o
 .bss           0x0c001474        0x0 ./keyboard.o
 .bss           0x0c001474        0x0 ./led.o
 .bss           0x0c001474        0x0 ./main.o
 .bss           0x0c001474        0x0 ./timer.o
 .bss           0x0c001474        0x0 c:/embestucm/sourcery-g++-lite-arm-2011.03/bin/../lib/gcc/arm-none-eabi/4.5.2\libgcc.a(_divsi3.o)
 .bss           0x0c001474        0x0 c:/embestucm/sourcery-g++-lite-arm-2011.03/bin/../lib/gcc/arm-none-eabi/4.5.2\libgcc.a(_dvmd_tls.o)
 COMMON         0x0c001474        0x8 ./commonEclipse/44blib.o
                0x0c001474                fileSize
                0x0c001478                downPt
 COMMON         0x0c00147c        0x4 ./keyboard.o
                0x0c00147c                key
 COMMON         0x0c001480        0x4 ./led.o
                0x0c001480                led_state
                0x0c001484                Image_ZI_Limit = .
                0x0c001484                __bss_start__ = .
                0x0c001484                __bss_end__ = .
                0x0c001484                __EH_FRAME_BEGIN__ = .
                0x0c001484                __EH_FRAME_END__ = .
                0x0c001484                PROVIDE (__stack, .)
                0x0c001484                end = .
                0x0c001484                _end = .

.ARM.attributes
                0x00000000       0x2e
 .ARM.attributes
                0x00000000       0x22 ./commonEclipse/44binit.o
 .ARM.attributes
                0x00000022       0x32 ./commonEclipse/44blib.o
 .ARM.attributes
                0x00000054       0x32 ./8led.o
 .ARM.attributes
                0x00000086       0x22 ./init.o
 .ARM.attributes
                0x000000a8       0x32 ./keyboard.o
 .ARM.attributes
                0x000000da       0x32 ./led.o
 .ARM.attributes
                0x0000010c       0x32 ./main.o
 .ARM.attributes
                0x0000013e       0x32 ./timer.o
 .ARM.attributes
                0x00000170       0x1a c:/embestucm/sourcery-g++-lite-arm-2011.03/bin/../lib/gcc/arm-none-eabi/4.5.2\libgcc.a(_divsi3.o)
 .ARM.attributes
                0x0000018a       0x18 c:/embestucm/sourcery-g++-lite-arm-2011.03/bin/../lib/gcc/arm-none-eabi/4.5.2\libgcc.a(_dvmd_tls.o)

.comment        0x00000000       0x2a
 .comment       0x00000000       0x2a ./commonEclipse/44blib.o
                                 0x2b (size before relaxing)
 .comment       0x00000000       0x2b ./8led.o
 .comment       0x00000000       0x2b ./keyboard.o
 .comment       0x00000000       0x2b ./led.o
 .comment       0x00000000       0x2b ./main.o
 .comment       0x00000000       0x2b ./timer.o

.debug_info     0x00000000      0x6a2
 *(.debug_info)
 .debug_info    0x00000000       0x8c ./commonEclipse/44binit.o
 .debug_info    0x0000008c      0x229 ./commonEclipse/44blib.o
 .debug_info    0x000002b5       0xa4 ./8led.o
 .debug_info    0x00000359       0x7b ./init.o
 .debug_info    0x000003d4       0xea ./keyboard.o
 .debug_info    0x000004be      0x104 ./led.o
 .debug_info    0x000005c2       0x8c ./main.o
 .debug_info    0x0000064e       0x54 ./timer.o

.debug_line     0x00000000      0xb10
 *(.debug_line)
 .debug_line    0x00000000      0x116 ./commonEclipse/44binit.o
 .debug_line    0x00000116      0x371 ./commonEclipse/44blib.o
 .debug_line    0x00000487       0xad ./8led.o
 .debug_line    0x00000534       0x3d ./init.o
 .debug_line    0x00000571       0xf5 ./keyboard.o
 .debug_line    0x00000666       0xc9 ./led.o
 .debug_line    0x0000072f      0x326 ./main.o
 .debug_line    0x00000a55       0xbb ./timer.o

.debug_abbrev   0x00000000      0x398
 *(.debug_abbrev)
 .debug_abbrev  0x00000000       0x14 ./commonEclipse/44binit.o
 .debug_abbrev  0x00000014      0x11f ./commonEclipse/44blib.o
 .debug_abbrev  0x00000133       0x9b ./8led.o
 .debug_abbrev  0x000001ce       0x14 ./init.o
 .debug_abbrev  0x000001e2       0xce ./keyboard.o
 .debug_abbrev  0x000002b0       0x7c ./led.o
 .debug_abbrev  0x0000032c       0x41 ./main.o
 .debug_abbrev  0x0000036d       0x2b ./timer.o

.debug_frame    0x00000000      0x338
 *(.debug_frame)
 .debug_frame   0x00000000       0xc0 ./commonEclipse/44blib.o
 .debug_frame   0x000000c0       0x48 ./8led.o
 .debug_frame   0x00000108       0x78 ./keyboard.o
 .debug_frame   0x00000180      0x10c ./led.o
 .debug_frame   0x0000028c       0x30 ./main.o
 .debug_frame   0x000002bc       0x5c ./timer.o
 .debug_frame   0x00000318       0x20 c:/embestucm/sourcery-g++-lite-arm-2011.03/bin/../lib/gcc/arm-none-eabi/4.5.2\libgcc.a(_divsi3.o)
OUTPUT(practica2_parteNoGuiada.elf elf32-littlearm)

.debug_aranges  0x00000000      0x100
 .debug_aranges
                0x00000000       0x20 ./commonEclipse/44binit.o
 .debug_aranges
                0x00000020       0x20 ./commonEclipse/44blib.o
 .debug_aranges
                0x00000040       0x20 ./8led.o
 .debug_aranges
                0x00000060       0x20 ./init.o
 .debug_aranges
                0x00000080       0x20 ./keyboard.o
 .debug_aranges
                0x000000a0       0x20 ./led.o
 .debug_aranges
                0x000000c0       0x20 ./main.o
 .debug_aranges
                0x000000e0       0x20 ./timer.o

.debug_macinfo  0x00000000    0x246ba
 .debug_macinfo
                0x00000000     0x82fb ./commonEclipse/44blib.o
 .debug_macinfo
                0x000082fb     0x5567 ./8led.o
 .debug_macinfo
                0x0000d862     0x523c ./keyboard.o
 .debug_macinfo
                0x00012a9e     0x50a3 ./led.o
 .debug_macinfo
                0x00017b41     0x7ad6 ./main.o
 .debug_macinfo
                0x0001f617     0x50a3 ./timer.o

.debug_loc      0x00000000      0x3c8
 .debug_loc     0x00000000      0x108 ./commonEclipse/44blib.o
 .debug_loc     0x00000108       0x58 ./8led.o
 .debug_loc     0x00000160       0x84 ./keyboard.o
 .debug_loc     0x000001e4      0x160 ./led.o
 .debug_loc     0x00000344       0x2c ./main.o
 .debug_loc     0x00000370       0x58 ./timer.o

.debug_pubnames
                0x00000000      0x1fd
 .debug_pubnames
                0x00000000       0x90 ./commonEclipse/44blib.o
 .debug_pubnames
                0x00000090       0x3d ./8led.o
 .debug_pubnames
                0x000000cd       0x5b ./keyboard.o
 .debug_pubnames
                0x00000128       0x8b ./led.o
 .debug_pubnames
                0x000001b3       0x1b ./main.o
 .debug_pubnames
                0x000001ce       0x2f ./timer.o

.debug_pubtypes
                0x00000000       0x24
 .debug_pubtypes
                0x00000000       0x12 ./commonEclipse/44blib.o
 .debug_pubtypes
                0x00000012       0x12 ./main.o

.debug_str      0x00000000      0x250
 .debug_str     0x00000000      0x146 ./commonEclipse/44blib.o
                                0x184 (size before relaxing)
 .debug_str     0x00000146       0x2f ./8led.o
                                 0x8e (size before relaxing)
 .debug_str     0x00000175       0x44 ./keyboard.o
                                 0xaf (size before relaxing)
 .debug_str     0x000001b9       0x68 ./led.o
                                 0xba (size before relaxing)
 .debug_str     0x00000221        0xf ./main.o
                                 0xea (size before relaxing)
 .debug_str     0x00000230       0x20 ./timer.o
                                 0x72 (size before relaxing)
